// Jest Snapshot v1, https://goo.gl/fbAQLP

exports[`LoginForm should match snapshot 1`] = `
<DocumentFragment>
  <form>
    <input
      name="email"
      value=""
    />
    <input
      name="password"
      type="password"
      value=""
    />
    <input
      name="remember"
      type="checkbox"
    />
    <button
      disabled=""
    >
      Login
    </button>
  </form>
</DocumentFragment>
`;
